(compute-interpolant (and (and (not (> ARG$35$$35$1 x$35$$35$alF)) (and (= lq_anf$36$$35$$35$1677723556$35$$35$dvy 1) (= ARG$35$$35$1 (+ x$35$$35$alF lq_anf$36$$35$$35$1677723556$35$$35$dvy))))))
